// Vitest Snapshot v1, https://vitest.dev/guide/snapshot.html

exports[`Parity: Terrain Generation (V1 Baseline for V2 Migration) > Golden baseline — captures current V1 output for future V2 parity > [AlienRuin] terrain signature at seed=12345 matches snapshot 1`] = `
{
  "count": 103,
  "pieces": [
    {
      "blocksLineOfSight": false,
      "h": 5,
      "isDifficult": false,
      "isImpassable": false,
      "name": "Large Rubble Pile",
      "providesCover": true,
      "type": "Individual",
      "w": 2,
      "x": 13,
      "y": 15,
    },
    {
      "blocksLineOfSight": true,
      "h": 1,
      "isDifficult": false,
      "isImpassable": true,
      "name": "Wall",
      "providesCover": true,
      "type": "Block",
      "w": 1,
      "x": 1,
      "y": 0,
    },
    {
      "blocksLineOfSight": true,
      "h": 1,
      "isDifficult": false,
      "isImpassable": true,
      "name": "Wall",
      "providesCover": true,
      "type": "Block",
      "w": 1,
      "x": 2,
      "y": 0,
    },
    {
      "blocksLineOfSight": true,
      "h": 1,
      "isDifficult": false,
      "isImpassable": true,
      "name": "Wall",
      "providesCover": true,
      "type": "Block",
      "w": 1,
      "x": 3,
      "y": 0,
    },
    {
      "blocksLineOfSight": true,
      "h": 1,
      "isDifficult": false,
      "isImpassable": true,
      "name": "Wall",
      "providesCover": true,
      "type": "Block",
      "w": 1,
      "x": 4,
      "y": 0,
    },
    {
      "blocksLineOfSight": true,
      "h": 1,
      "isDifficult": false,
      "isImpassable": true,
      "name": "Wall",
      "providesCover": true,
      "type": "Block",
      "w": 1,
      "x": 5,
      "y": 0,
    },
    {
      "blocksLineOfSight": true,
      "h": 1,
      "isDifficult": false,
      "isImpassable": true,
      "name": "Wall",
      "providesCover": true,
      "type": "Block",
      "w": 1,
      "x": 6,
      "y": 0,
    },
    {
      "blocksLineOfSight": true,
      "h": 1,
      "isDifficult": false,
      "isImpassable": true,
      "name": "Wall",
      "providesCover": true,
      "type": "Block",
      "w": 1,
      "x": 7,
      "y": 0,
    },
    {
      "blocksLineOfSight": true,
      "h": 1,
      "isDifficult": false,
      "isImpassable": true,
      "name": "Wall",
      "providesCover": true,
      "type": "Block",
      "w": 1,
      "x": 7,
      "y": 1,
    },
    {
      "blocksLineOfSight": true,
      "h": 1,
      "isDifficult": false,
      "isImpassable": true,
      "name": "Wall",
      "providesCover": true,
      "type": "Block",
      "w": 1,
      "x": 1,
      "y": 2,
    },
    {
      "blocksLineOfSight": true,
      "h": 1,
      "isDifficult": false,
      "isImpassable": true,
      "name": "Wall",
      "providesCover": true,
      "type": "Block",
      "w": 1,
      "x": 2,
      "y": 2,
    },
    {
      "blocksLineOfSight": true,
      "h": 1,
      "isDifficult": false,
      "isImpassable": true,
      "name": "Wall",
      "providesCover": true,
      "type": "Block",
      "w": 1,
      "x": 3,
      "y": 2,
    },
    {
      "blocksLineOfSight": true,
      "h": 1,
      "isDifficult": false,
      "isImpassable": true,
      "name": "Wall",
      "providesCover": true,
      "type": "Block",
      "w": 1,
      "x": 4,
      "y": 2,
    },
    {
      "blocksLineOfSight": true,
      "h": 1,
      "isDifficult": false,
      "isImpassable": true,
      "name": "Wall",
      "providesCover": true,
      "type": "Block",
      "w": 1,
      "x": 5,
      "y": 2,
    },
    {
      "blocksLineOfSight": true,
      "h": 1,
      "isDifficult": false,
      "isImpassable": true,
      "name": "Wall",
      "providesCover": true,
      "type": "Block",
      "w": 1,
      "x": 6,
      "y": 2,
    },
    {
      "blocksLineOfSight": true,
      "h": 1,
      "isDifficult": false,
      "isImpassable": true,
      "name": "Wall",
      "providesCover": true,
      "type": "Block",
      "w": 1,
      "x": 7,
      "y": 2,
    },
    {
      "blocksLineOfSight": false,
      "h": 1,
      "isDifficult": false,
      "isImpassable": false,
      "name": "Partial Ruin Interior",
      "providesCover": false,
      "type": "Interior",
      "w": 5,
      "x": 2,
      "y": 1,
    },
    {
      "blocksLineOfSight": true,
      "h": 1,
      "isDifficult": false,
      "isImpassable": false,
      "name": "Door",
      "providesCover": true,
      "type": "Door",
      "w": 1,
      "x": 1,
      "y": 1,
    },
    {
      "blocksLineOfSight": false,
      "h": 7,
      "isDifficult": false,
      "isImpassable": false,
      "name": "Scattered Plants Rubble",
      "providesCover": true,
      "type": "Individual",
      "w": 3,
      "x": 10,
      "y": 0,
    },
    {
      "blocksLineOfSight": true,
      "h": 1,
      "isDifficult": false,
      "isImpassable": true,
      "name": "Wall",
      "providesCover": true,
      "type": "Block",
      "w": 1,
      "x": 5,
      "y": 10,
    },
    {
      "blocksLineOfSight": true,
      "h": 1,
      "isDifficult": false,
      "isImpassable": true,
      "name": "Wall",
      "providesCover": true,
      "type": "Block",
      "w": 1,
      "x": 6,
      "y": 10,
    },
    {
      "blocksLineOfSight": true,
      "h": 1,
      "isDifficult": false,
      "isImpassable": true,
      "name": "Wall",
      "providesCover": true,
      "type": "Block",
      "w": 1,
      "x": 7,
      "y": 10,
    },
    {
      "blocksLineOfSight": true,
      "h": 1,
      "isDifficult": false,
      "isImpassable": true,
      "name": "Wall",
      "providesCover": true,
      "type": "Block",
      "w": 1,
      "x": 5,
      "y": 11,
    },
    {
      "blocksLineOfSight": true,
      "h": 1,
      "isDifficult": false,
      "isImpassable": true,
      "name": "Wall",
      "providesCover": true,
      "type": "Block",
      "w": 1,
      "x": 7,
      "y": 11,
    },
    {
      "blocksLineOfSight": true,
      "h": 1,
      "isDifficult": false,
      "isImpassable": true,
      "name": "Wall",
      "providesCover": true,
      "type": "Block",
      "w": 1,
      "x": 5,
      "y": 12,
    },
    {
      "blocksLineOfSight": true,
      "h": 1,
      "isDifficult": false,
      "isImpassable": true,
      "name": "Wall",
      "providesCover": true,
      "type": "Block",
      "w": 1,
      "x": 7,
      "y": 12,
    },
    {
      "blocksLineOfSight": true,
      "h": 1,
      "isDifficult": false,
      "isImpassable": true,
      "name": "Wall",
      "providesCover": true,
      "type": "Block",
      "w": 1,
      "x": 7,
      "y": 13,
    },
    {
      "blocksLineOfSight": true,
      "h": 1,
      "isDifficult": false,
      "isImpassable": true,
      "name": "Wall",
      "providesCover": true,
      "type": "Block",
      "w": 1,
      "x": 5,
      "y": 14,
    },
    {
      "blocksLineOfSight": true,
      "h": 1,
      "isDifficult": false,
      "isImpassable": true,
      "name": "Wall",
      "providesCover": true,
      "type": "Block",
      "w": 1,
      "x": 7,
      "y": 14,
    },
    {
      "blocksLineOfSight": true,
      "h": 1,
      "isDifficult": false,
      "isImpassable": true,
      "name": "Wall",
      "providesCover": true,
      "type": "Block",
      "w": 1,
      "x": 5,
      "y": 15,
    },
    {
      "blocksLineOfSight": true,
      "h": 1,
      "isDifficult": false,
      "isImpassable": true,
      "name": "Wall",
      "providesCover": true,
      "type": "Block",
      "w": 1,
      "x": 6,
      "y": 15,
    },
    {
      "blocksLineOfSight": true,
      "h": 1,
      "isDifficult": false,
      "isImpassable": true,
      "name": "Wall",
      "providesCover": true,
      "type": "Block",
      "w": 1,
      "x": 7,
      "y": 15,
    },
    {
      "blocksLineOfSight": false,
      "h": 4,
      "isDifficult": false,
      "isImpassable": false,
      "name": "Partial Ruin Interior",
      "providesCover": false,
      "type": "Interior",
      "w": 1,
      "x": 6,
      "y": 11,
    },
    {
      "blocksLineOfSight": true,
      "h": 1,
      "isDifficult": false,
      "isImpassable": false,
      "name": "Door",
      "providesCover": true,
      "type": "Door",
      "w": 1,
      "x": 5,
      "y": 13,
    },
    {
      "blocksLineOfSight": true,
      "h": 1,
      "isDifficult": false,
      "isImpassable": true,
      "name": "Wall",
      "providesCover": true,
      "type": "Block",
      "w": 1,
      "x": 9,
      "y": 8,
    },
    {
      "blocksLineOfSight": true,
      "h": 1,
      "isDifficult": false,
      "isImpassable": true,
      "name": "Wall",
      "providesCover": true,
      "type": "Block",
      "w": 1,
      "x": 10,
      "y": 8,
    },
    {
      "blocksLineOfSight": true,
      "h": 1,
      "isDifficult": false,
      "isImpassable": true,
      "name": "Wall",
      "providesCover": true,
      "type": "Block",
      "w": 1,
      "x": 11,
      "y": 8,
    },
    {
      "blocksLineOfSight": true,
      "h": 1,
      "isDifficult": false,
      "isImpassable": true,
      "name": "Wall",
      "providesCover": true,
      "type": "Block",
      "w": 1,
      "x": 12,
      "y": 8,
    },
    {
      "blocksLineOfSight": true,
      "h": 1,
      "isDifficult": false,
      "isImpassable": true,
      "name": "Wall",
      "providesCover": true,
      "type": "Block",
      "w": 1,
      "x": 9,
      "y": 9,
    },
    {
      "blocksLineOfSight": true,
      "h": 1,
      "isDifficult": false,
      "isImpassable": true,
      "name": "Wall",
      "providesCover": true,
      "type": "Block",
      "w": 1,
      "x": 12,
      "y": 9,
    },
    {
      "blocksLineOfSight": true,
      "h": 1,
      "isDifficult": false,
      "isImpassable": true,
      "name": "Wall",
      "providesCover": true,
      "type": "Block",
      "w": 1,
      "x": 9,
      "y": 10,
    },
    {
      "blocksLineOfSight": true,
      "h": 1,
      "isDifficult": false,
      "isImpassable": true,
      "name": "Wall",
      "providesCover": true,
      "type": "Block",
      "w": 1,
      "x": 11,
      "y": 10,
    },
    {
      "blocksLineOfSight": true,
      "h": 1,
      "isDifficult": false,
      "isImpassable": true,
      "name": "Wall",
      "providesCover": true,
      "type": "Block",
      "w": 1,
      "x": 12,
      "y": 10,
    },
    {
      "blocksLineOfSight": false,
      "h": 1,
      "isDifficult": false,
      "isImpassable": false,
      "name": "Ruined Building Interior",
      "providesCover": false,
      "type": "Interior",
      "w": 2,
      "x": 10,
      "y": 9,
    },
    {
      "blocksLineOfSight": true,
      "h": 1,
      "isDifficult": false,
      "isImpassable": false,
      "name": "Door",
      "providesCover": true,
      "type": "Door",
      "w": 1,
      "x": 10,
      "y": 10,
    },
    {
      "blocksLineOfSight": false,
      "h": 1,
      "isDifficult": false,
      "isImpassable": false,
      "name": "Scatter",
      "providesCover": true,
      "type": "Individual",
      "w": 1,
      "x": 0,
      "y": 14,
    },
    {
      "blocksLineOfSight": false,
      "h": 1,
      "isDifficult": false,
      "isImpassable": false,
      "name": "Scatter",
      "providesCover": true,
      "type": "Individual",
      "w": 1,
      "x": 1,
      "y": 12,
    },
    {
      "blocksLineOfSight": false,
      "h": 1,
      "isDifficult": false,
      "isImpassable": false,
      "name": "Scatter",
      "providesCover": true,
      "type": "Individual",
      "w": 1,
      "x": 10,
      "y": 14,
    },
    {
      "blocksLineOfSight": false,
      "h": 5,
      "isDifficult": false,
      "isImpassable": false,
      "name": "Strange Statue Wreck",
      "providesCover": true,
      "type": "Individual",
      "w": 4,
      "x": 26,
      "y": 3,
    },
    {
      "blocksLineOfSight": true,
      "h": 1,
      "isDifficult": false,
      "isImpassable": true,
      "name": "Wall",
      "providesCover": true,
      "type": "Block",
      "w": 1,
      "x": 16,
      "y": 8,
    },
    {
      "blocksLineOfSight": true,
      "h": 1,
      "isDifficult": false,
      "isImpassable": true,
      "name": "Wall",
      "providesCover": true,
      "type": "Block",
      "w": 1,
      "x": 17,
      "y": 8,
    },
    {
      "blocksLineOfSight": true,
      "h": 1,
      "isDifficult": false,
      "isImpassable": true,
      "name": "Wall",
      "providesCover": true,
      "type": "Block",
      "w": 1,
      "x": 19,
      "y": 8,
    },
    {
      "blocksLineOfSight": true,
      "h": 1,
      "isDifficult": false,
      "isImpassable": true,
      "name": "Wall",
      "providesCover": true,
      "type": "Block",
      "w": 1,
      "x": 20,
      "y": 8,
    },
    {
      "blocksLineOfSight": true,
      "h": 1,
      "isDifficult": false,
      "isImpassable": true,
      "name": "Wall",
      "providesCover": true,
      "type": "Block",
      "w": 1,
      "x": 16,
      "y": 9,
    },
    {
      "blocksLineOfSight": true,
      "h": 1,
      "isDifficult": false,
      "isImpassable": true,
      "name": "Wall",
      "providesCover": true,
      "type": "Block",
      "w": 1,
      "x": 20,
      "y": 9,
    },
    {
      "blocksLineOfSight": true,
      "h": 1,
      "isDifficult": false,
      "isImpassable": true,
      "name": "Wall",
      "providesCover": true,
      "type": "Block",
      "w": 1,
      "x": 16,
      "y": 10,
    },
    {
      "blocksLineOfSight": true,
      "h": 1,
      "isDifficult": false,
      "isImpassable": true,
      "name": "Wall",
      "providesCover": true,
      "type": "Block",
      "w": 1,
      "x": 20,
      "y": 10,
    },
    {
      "blocksLineOfSight": true,
      "h": 1,
      "isDifficult": false,
      "isImpassable": true,
      "name": "Wall",
      "providesCover": true,
      "type": "Block",
      "w": 1,
      "x": 16,
      "y": 11,
    },
    {
      "blocksLineOfSight": true,
      "h": 1,
      "isDifficult": false,
      "isImpassable": true,
      "name": "Wall",
      "providesCover": true,
      "type": "Block",
      "w": 1,
      "x": 20,
      "y": 11,
    },
    {
      "blocksLineOfSight": true,
      "h": 1,
      "isDifficult": false,
      "isImpassable": true,
      "name": "Wall",
      "providesCover": true,
      "type": "Block",
      "w": 1,
      "x": 16,
      "y": 12,
    },
    {
      "blocksLineOfSight": true,
      "h": 1,
      "isDifficult": false,
      "isImpassable": true,
      "name": "Wall",
      "providesCover": true,
      "type": "Block",
      "w": 1,
      "x": 20,
      "y": 12,
    },
    {
      "blocksLineOfSight": true,
      "h": 1,
      "isDifficult": false,
      "isImpassable": true,
      "name": "Wall",
      "providesCover": true,
      "type": "Block",
      "w": 1,
      "x": 16,
      "y": 13,
    },
    {
      "blocksLineOfSight": true,
      "h": 1,
      "isDifficult": false,
      "isImpassable": true,
      "name": "Wall",
      "providesCover": true,
      "type": "Block",
      "w": 1,
      "x": 20,
      "y": 13,
    },
    {
      "blocksLineOfSight": true,
      "h": 1,
      "isDifficult": false,
      "isImpassable": true,
      "name": "Wall",
      "providesCover": true,
      "type": "Block",
      "w": 1,
      "x": 16,
      "y": 14,
    },
    {
      "blocksLineOfSight": true,
      "h": 1,
      "isDifficult": false,
      "isImpassable": true,
      "name": "Wall",
      "providesCover": true,
      "type": "Block",
      "w": 1,
      "x": 17,
      "y": 14,
    },
    {
      "blocksLineOfSight": true,
      "h": 1,
      "isDifficult": false,
      "isImpassable": true,
      "name": "Wall",
      "providesCover": true,
      "type": "Block",
      "w": 1,
      "x": 18,
      "y": 14,
    },
    {
      "blocksLineOfSight": true,
      "h": 1,
      "isDifficult": false,
      "isImpassable": true,
      "name": "Wall",
      "providesCover": true,
      "type": "Block",
      "w": 1,
      "x": 19,
      "y": 14,
    },
    {
      "blocksLineOfSight": true,
      "h": 1,
      "isDifficult": false,
      "isImpassable": true,
      "name": "Wall",
      "providesCover": true,
      "type": "Block",
      "w": 1,
      "x": 20,
      "y": 14,
    },
    {
      "blocksLineOfSight": false,
      "h": 5,
      "isDifficult": false,
      "isImpassable": false,
      "name": "Partial Ruin Interior",
      "providesCover": false,
      "type": "Interior",
      "w": 3,
      "x": 17,
      "y": 9,
    },
    {
      "blocksLineOfSight": true,
      "h": 1,
      "isDifficult": false,
      "isImpassable": false,
      "name": "Door",
      "providesCover": true,
      "type": "Door",
      "w": 1,
      "x": 18,
      "y": 8,
    },
    {
      "blocksLineOfSight": false,
      "h": 3,
      "isDifficult": false,
      "isImpassable": false,
      "name": "Scattered Plants Rubble",
      "providesCover": true,
      "type": "Individual",
      "w": 3,
      "x": 28,
      "y": 13,
    },
    {
      "blocksLineOfSight": false,
      "h": 1,
      "isDifficult": false,
      "isImpassable": false,
      "name": "Scatter",
      "providesCover": true,
      "type": "Individual",
      "w": 1,
      "x": 22,
      "y": 13,
    },
    {
      "blocksLineOfSight": false,
      "h": 1,
      "isDifficult": false,
      "isImpassable": false,
      "name": "Scatter",
      "providesCover": true,
      "type": "Individual",
      "w": 1,
      "x": 30,
      "y": 5,
    },
    {
      "blocksLineOfSight": false,
      "h": 1,
      "isDifficult": false,
      "isImpassable": false,
      "name": "Scatter",
      "providesCover": true,
      "type": "Individual",
      "w": 1,
      "x": 27,
      "y": 0,
    },
    {
      "blocksLineOfSight": false,
      "h": 1,
      "isDifficult": false,
      "isImpassable": false,
      "name": "Scatter",
      "providesCover": true,
      "type": "Individual",
      "w": 1,
      "x": 21,
      "y": 0,
    },
    {
      "blocksLineOfSight": false,
      "h": 1,
      "isDifficult": false,
      "isImpassable": false,
      "name": "Scatter",
      "providesCover": true,
      "type": "Individual",
      "w": 1,
      "x": 23,
      "y": 7,
    },
    {
      "blocksLineOfSight": true,
      "h": 1,
      "isDifficult": false,
      "isImpassable": true,
      "name": "Wall",
      "providesCover": true,
      "type": "Block",
      "w": 1,
      "x": 0,
      "y": 17,
    },
    {
      "blocksLineOfSight": true,
      "h": 1,
      "isDifficult": false,
      "isImpassable": true,
      "name": "Wall",
      "providesCover": true,
      "type": "Block",
      "w": 1,
      "x": 1,
      "y": 17,
    },
    {
      "blocksLineOfSight": true,
      "h": 1,
      "isDifficult": false,
      "isImpassable": true,
      "name": "Wall",
      "providesCover": true,
      "type": "Block",
      "w": 1,
      "x": 2,
      "y": 17,
    },
    {
      "blocksLineOfSight": true,
      "h": 1,
      "isDifficult": false,
      "isImpassable": true,
      "name": "Wall",
      "providesCover": true,
      "type": "Block",
      "w": 1,
      "x": 3,
      "y": 17,
    },
    {
      "blocksLineOfSight": true,
      "h": 1,
      "isDifficult": false,
      "isImpassable": true,
      "name": "Wall",
      "providesCover": true,
      "type": "Block",
      "w": 1,
      "x": 4,
      "y": 17,
    },
    {
      "blocksLineOfSight": true,
      "h": 1,
      "isDifficult": false,
      "isImpassable": true,
      "name": "Wall",
      "providesCover": true,
      "type": "Block",
      "w": 1,
      "x": 0,
      "y": 18,
    },
    {
      "blocksLineOfSight": true,
      "h": 1,
      "isDifficult": false,
      "isImpassable": true,
      "name": "Wall",
      "providesCover": true,
      "type": "Block",
      "w": 1,
      "x": 4,
      "y": 18,
    },
    {
      "blocksLineOfSight": true,
      "h": 1,
      "isDifficult": false,
      "isImpassable": true,
      "name": "Wall",
      "providesCover": true,
      "type": "Block",
      "w": 1,
      "x": 0,
      "y": 19,
    },
    {
      "blocksLineOfSight": true,
      "h": 1,
      "isDifficult": false,
      "isImpassable": true,
      "name": "Wall",
      "providesCover": true,
      "type": "Block",
      "w": 1,
      "x": 1,
      "y": 19,
    },
    {
      "blocksLineOfSight": true,
      "h": 1,
      "isDifficult": false,
      "isImpassable": true,
      "name": "Wall",
      "providesCover": true,
      "type": "Block",
      "w": 1,
      "x": 2,
      "y": 19,
    },
    {
      "blocksLineOfSight": true,
      "h": 1,
      "isDifficult": false,
      "isImpassable": true,
      "name": "Wall",
      "providesCover": true,
      "type": "Block",
      "w": 1,
      "x": 4,
      "y": 19,
    },
    {
      "blocksLineOfSight": false,
      "h": 1,
      "isDifficult": false,
      "isImpassable": false,
      "name": "Ruined Building Interior",
      "providesCover": false,
      "type": "Interior",
      "w": 3,
      "x": 1,
      "y": 18,
    },
    {
      "blocksLineOfSight": true,
      "h": 1,
      "isDifficult": false,
      "isImpassable": false,
      "name": "Door",
      "providesCover": true,
      "type": "Door",
      "w": 1,
      "x": 3,
      "y": 19,
    },
    {
      "blocksLineOfSight": false,
      "h": 6,
      "isDifficult": false,
      "isImpassable": false,
      "name": "Scattered Plants Rubble",
      "providesCover": true,
      "type": "Individual",
      "w": 2,
      "x": 9,
      "y": 16,
    },
    {
      "blocksLineOfSight": false,
      "h": 2,
      "isDifficult": false,
      "isImpassable": false,
      "name": "Strange Statue Wreck",
      "providesCover": true,
      "type": "Individual",
      "w": 2,
      "x": 0,
      "y": 27,
    },
    {
      "blocksLineOfSight": false,
      "h": 2,
      "isDifficult": false,
      "isImpassable": false,
      "name": "Scattered Plants Rubble",
      "providesCover": true,
      "type": "Individual",
      "w": 5,
      "x": 9,
      "y": 26,
    },
    {
      "blocksLineOfSight": false,
      "h": 1,
      "isDifficult": false,
      "isImpassable": false,
      "name": "Scatter",
      "providesCover": true,
      "type": "Individual",
      "w": 1,
      "x": 7,
      "y": 18,
    },
    {
      "blocksLineOfSight": false,
      "h": 1,
      "isDifficult": false,
      "isImpassable": false,
      "name": "Scatter",
      "providesCover": true,
      "type": "Individual",
      "w": 1,
      "x": 6,
      "y": 25,
    },
    {
      "blocksLineOfSight": false,
      "h": 4,
      "isDifficult": false,
      "isImpassable": false,
      "name": "Open Space Scatter",
      "providesCover": true,
      "type": "Individual",
      "w": 7,
      "x": 16,
      "y": 17,
    },
    {
      "blocksLineOfSight": false,
      "h": 4,
      "isDifficult": false,
      "isImpassable": false,
      "name": "Strange Statue Wreck",
      "providesCover": true,
      "type": "Individual",
      "w": 7,
      "x": 24,
      "y": 16,
    },
    {
      "blocksLineOfSight": false,
      "h": 3,
      "isDifficult": false,
      "isImpassable": false,
      "name": "Scattered Plants Rubble",
      "providesCover": true,
      "type": "Individual",
      "w": 4,
      "x": 16,
      "y": 29,
    },
    {
      "blocksLineOfSight": true,
      "h": 3,
      "isDifficult": false,
      "isImpassable": true,
      "name": "Ruined Building",
      "providesCover": true,
      "type": "Block",
      "w": 2,
      "x": 26,
      "y": 24,
    },
    {
      "blocksLineOfSight": false,
      "h": 1,
      "isDifficult": false,
      "isImpassable": false,
      "name": "Scatter",
      "providesCover": true,
      "type": "Individual",
      "w": 1,
      "x": 22,
      "y": 27,
    },
    {
      "blocksLineOfSight": false,
      "h": 1,
      "isDifficult": false,
      "isImpassable": false,
      "name": "Scatter",
      "providesCover": true,
      "type": "Individual",
      "w": 1,
      "x": 25,
      "y": 24,
    },
    {
      "blocksLineOfSight": false,
      "h": 1,
      "isDifficult": false,
      "isImpassable": false,
      "name": "Scatter",
      "providesCover": true,
      "type": "Individual",
      "w": 1,
      "x": 31,
      "y": 21,
    },
    {
      "blocksLineOfSight": false,
      "h": 1,
      "isDifficult": false,
      "isImpassable": false,
      "name": "Scatter",
      "providesCover": true,
      "type": "Individual",
      "w": 1,
      "x": 19,
      "y": 28,
    },
    {
      "blocksLineOfSight": false,
      "h": 1,
      "isDifficult": false,
      "isImpassable": false,
      "name": "Scatter",
      "providesCover": true,
      "type": "Individual",
      "w": 1,
      "x": 29,
      "y": 29,
    },
  ],
}
`;

exports[`Parity: Terrain Generation (V1 Baseline for V2 Migration) > Golden baseline — captures current V1 output for future V2 parity > [CrashSite] terrain signature at seed=12345 matches snapshot 1`] = `
{
  "count": 27,
  "pieces": [
    {
      "blocksLineOfSight": false,
      "h": 5,
      "isDifficult": false,
      "isImpassable": false,
      "name": "Natural Feature Wreckage",
      "providesCover": true,
      "type": "Individual",
      "w": 2,
      "x": 13,
      "y": 15,
    },
    {
      "blocksLineOfSight": false,
      "h": 3,
      "isDifficult": false,
      "isImpassable": false,
      "name": "Large Wreckage Piece",
      "providesCover": true,
      "type": "Individual",
      "w": 7,
      "x": 1,
      "y": 0,
    },
    {
      "blocksLineOfSight": false,
      "h": 7,
      "isDifficult": false,
      "isImpassable": false,
      "name": "Open Ground Smoke",
      "providesCover": true,
      "type": "Individual",
      "w": 5,
      "x": 9,
      "y": 1,
    },
    {
      "blocksLineOfSight": false,
      "h": 2,
      "isDifficult": false,
      "isImpassable": false,
      "name": "Large Wreckage Piece",
      "providesCover": true,
      "type": "Individual",
      "w": 4,
      "x": 1,
      "y": 13,
    },
    {
      "blocksLineOfSight": false,
      "h": 7,
      "isDifficult": false,
      "isImpassable": false,
      "name": "Scattered Wreckage",
      "providesCover": true,
      "type": "Individual",
      "w": 7,
      "x": 8,
      "y": 8,
    },
    {
      "blocksLineOfSight": false,
      "h": 1,
      "isDifficult": false,
      "isImpassable": false,
      "name": "Scatter",
      "providesCover": true,
      "type": "Individual",
      "w": 1,
      "x": 2,
      "y": 5,
    },
    {
      "blocksLineOfSight": false,
      "h": 1,
      "isDifficult": false,
      "isImpassable": false,
      "name": "Scatter",
      "providesCover": true,
      "type": "Individual",
      "w": 1,
      "x": 1,
      "y": 7,
    },
    {
      "blocksLineOfSight": false,
      "h": 2,
      "isDifficult": false,
      "isImpassable": false,
      "name": "Large Wreckage Piece",
      "providesCover": true,
      "type": "Individual",
      "w": 2,
      "x": 19,
      "y": 1,
    },
    {
      "blocksLineOfSight": false,
      "h": 6,
      "isDifficult": false,
      "isImpassable": false,
      "name": "Open Scatter Mix",
      "providesCover": true,
      "type": "Individual",
      "w": 2,
      "x": 28,
      "y": 2,
    },
    {
      "blocksLineOfSight": false,
      "h": 6,
      "isDifficult": false,
      "isImpassable": false,
      "name": "Open Scatter Mix",
      "providesCover": true,
      "type": "Individual",
      "w": 2,
      "x": 18,
      "y": 10,
    },
    {
      "blocksLineOfSight": false,
      "h": 4,
      "isDifficult": false,
      "isImpassable": false,
      "name": "Open Ground Smoke",
      "providesCover": true,
      "type": "Individual",
      "w": 7,
      "x": 24,
      "y": 11,
    },
    {
      "blocksLineOfSight": false,
      "h": 1,
      "isDifficult": false,
      "isImpassable": false,
      "name": "Scatter",
      "providesCover": true,
      "type": "Individual",
      "w": 1,
      "x": 28,
      "y": 9,
    },
    {
      "blocksLineOfSight": false,
      "h": 1,
      "isDifficult": false,
      "isImpassable": false,
      "name": "Scatter",
      "providesCover": true,
      "type": "Individual",
      "w": 1,
      "x": 31,
      "y": 3,
    },
    {
      "blocksLineOfSight": false,
      "h": 1,
      "isDifficult": false,
      "isImpassable": false,
      "name": "Scatter",
      "providesCover": true,
      "type": "Individual",
      "w": 1,
      "x": 18,
      "y": 3,
    },
    {
      "blocksLineOfSight": false,
      "h": 1,
      "isDifficult": false,
      "isImpassable": false,
      "name": "Scatter",
      "providesCover": true,
      "type": "Individual",
      "w": 1,
      "x": 22,
      "y": 4,
    },
    {
      "blocksLineOfSight": false,
      "h": 7,
      "isDifficult": false,
      "isImpassable": false,
      "name": "Scattered Wreckage",
      "providesCover": true,
      "type": "Individual",
      "w": 2,
      "x": 2,
      "y": 17,
    },
    {
      "blocksLineOfSight": false,
      "h": 4,
      "isDifficult": false,
      "isImpassable": false,
      "name": "Open Ground Smoke",
      "providesCover": true,
      "type": "Individual",
      "w": 7,
      "x": 1,
      "y": 24,
    },
    {
      "blocksLineOfSight": false,
      "h": 1,
      "isDifficult": false,
      "isImpassable": false,
      "name": "Scatter",
      "providesCover": true,
      "type": "Individual",
      "w": 1,
      "x": 0,
      "y": 23,
    },
    {
      "blocksLineOfSight": false,
      "h": 1,
      "isDifficult": false,
      "isImpassable": false,
      "name": "Scatter",
      "providesCover": true,
      "type": "Individual",
      "w": 1,
      "x": 7,
      "y": 20,
    },
    {
      "blocksLineOfSight": false,
      "h": 1,
      "isDifficult": false,
      "isImpassable": false,
      "name": "Scatter",
      "providesCover": true,
      "type": "Individual",
      "w": 1,
      "x": 13,
      "y": 26,
    },
    {
      "blocksLineOfSight": false,
      "h": 4,
      "isDifficult": false,
      "isImpassable": false,
      "name": "Open Ground Smoke",
      "providesCover": true,
      "type": "Individual",
      "w": 3,
      "x": 21,
      "y": 16,
    },
    {
      "blocksLineOfSight": false,
      "h": 3,
      "isDifficult": false,
      "isImpassable": false,
      "name": "Crater",
      "providesCover": true,
      "type": "Individual",
      "w": 6,
      "x": 24,
      "y": 16,
    },
    {
      "blocksLineOfSight": false,
      "h": 2,
      "isDifficult": false,
      "isImpassable": false,
      "name": "Scattered Wreckage",
      "providesCover": true,
      "type": "Individual",
      "w": 2,
      "x": 19,
      "y": 28,
    },
    {
      "blocksLineOfSight": false,
      "h": 3,
      "isDifficult": false,
      "isImpassable": false,
      "name": "Scattered Wreckage",
      "providesCover": true,
      "type": "Individual",
      "w": 2,
      "x": 26,
      "y": 25,
    },
    {
      "blocksLineOfSight": false,
      "h": 1,
      "isDifficult": false,
      "isImpassable": false,
      "name": "Scatter",
      "providesCover": true,
      "type": "Individual",
      "w": 1,
      "x": 18,
      "y": 22,
    },
    {
      "blocksLineOfSight": false,
      "h": 1,
      "isDifficult": false,
      "isImpassable": false,
      "name": "Scatter",
      "providesCover": true,
      "type": "Individual",
      "w": 1,
      "x": 25,
      "y": 24,
    },
    {
      "blocksLineOfSight": false,
      "h": 1,
      "isDifficult": false,
      "isImpassable": false,
      "name": "Scatter",
      "providesCover": true,
      "type": "Individual",
      "w": 1,
      "x": 27,
      "y": 31,
    },
  ],
}
`;

exports[`Parity: Terrain Generation (V1 Baseline for V2 Migration) > Golden baseline — captures current V1 output for future V2 parity > [Industrial] terrain signature at seed=12345 matches snapshot 1`] = `
{
  "count": 64,
  "pieces": [
    {
      "blocksLineOfSight": true,
      "h": 5,
      "isDifficult": false,
      "isImpassable": true,
      "name": "Control Tower",
      "providesCover": true,
      "type": "Block",
      "w": 2,
      "x": 13,
      "y": 15,
    },
    {
      "blocksLineOfSight": false,
      "h": 1,
      "isDifficult": false,
      "isImpassable": false,
      "name": "Equipment",
      "providesCover": true,
      "type": "Individual",
      "w": 1,
      "x": 19,
      "y": 14,
    },
    {
      "blocksLineOfSight": false,
      "h": 1,
      "isDifficult": false,
      "isImpassable": false,
      "name": "Equipment",
      "providesCover": true,
      "type": "Individual",
      "w": 1,
      "x": 12,
      "y": 17,
    },
    {
      "blocksLineOfSight": false,
      "h": 1,
      "isDifficult": false,
      "isImpassable": false,
      "name": "Equipment",
      "providesCover": true,
      "type": "Individual",
      "w": 1,
      "x": 19,
      "y": 15,
    },
    {
      "blocksLineOfSight": true,
      "h": 1,
      "isDifficult": false,
      "isImpassable": true,
      "name": "Wall",
      "providesCover": true,
      "type": "Block",
      "w": 1,
      "x": 8,
      "y": 0,
    },
    {
      "blocksLineOfSight": true,
      "h": 1,
      "isDifficult": false,
      "isImpassable": true,
      "name": "Wall",
      "providesCover": true,
      "type": "Block",
      "w": 1,
      "x": 9,
      "y": 0,
    },
    {
      "blocksLineOfSight": true,
      "h": 1,
      "isDifficult": false,
      "isImpassable": true,
      "name": "Wall",
      "providesCover": true,
      "type": "Block",
      "w": 1,
      "x": 11,
      "y": 0,
    },
    {
      "blocksLineOfSight": true,
      "h": 1,
      "isDifficult": false,
      "isImpassable": true,
      "name": "Wall",
      "providesCover": true,
      "type": "Block",
      "w": 1,
      "x": 12,
      "y": 0,
    },
    {
      "blocksLineOfSight": true,
      "h": 1,
      "isDifficult": false,
      "isImpassable": true,
      "name": "Wall",
      "providesCover": true,
      "type": "Block",
      "w": 1,
      "x": 13,
      "y": 0,
    },
    {
      "blocksLineOfSight": true,
      "h": 1,
      "isDifficult": false,
      "isImpassable": true,
      "name": "Wall",
      "providesCover": true,
      "type": "Block",
      "w": 1,
      "x": 14,
      "y": 0,
    },
    {
      "blocksLineOfSight": true,
      "h": 1,
      "isDifficult": false,
      "isImpassable": true,
      "name": "Wall",
      "providesCover": true,
      "type": "Block",
      "w": 1,
      "x": 8,
      "y": 1,
    },
    {
      "blocksLineOfSight": true,
      "h": 1,
      "isDifficult": false,
      "isImpassable": true,
      "name": "Wall",
      "providesCover": true,
      "type": "Block",
      "w": 1,
      "x": 14,
      "y": 1,
    },
    {
      "blocksLineOfSight": true,
      "h": 1,
      "isDifficult": false,
      "isImpassable": true,
      "name": "Wall",
      "providesCover": true,
      "type": "Block",
      "w": 1,
      "x": 8,
      "y": 2,
    },
    {
      "blocksLineOfSight": true,
      "h": 1,
      "isDifficult": false,
      "isImpassable": true,
      "name": "Wall",
      "providesCover": true,
      "type": "Block",
      "w": 1,
      "x": 14,
      "y": 2,
    },
    {
      "blocksLineOfSight": true,
      "h": 1,
      "isDifficult": false,
      "isImpassable": true,
      "name": "Wall",
      "providesCover": true,
      "type": "Block",
      "w": 1,
      "x": 8,
      "y": 3,
    },
    {
      "blocksLineOfSight": true,
      "h": 1,
      "isDifficult": false,
      "isImpassable": true,
      "name": "Wall",
      "providesCover": true,
      "type": "Block",
      "w": 1,
      "x": 14,
      "y": 3,
    },
    {
      "blocksLineOfSight": true,
      "h": 1,
      "isDifficult": false,
      "isImpassable": true,
      "name": "Wall",
      "providesCover": true,
      "type": "Block",
      "w": 1,
      "x": 8,
      "y": 4,
    },
    {
      "blocksLineOfSight": true,
      "h": 1,
      "isDifficult": false,
      "isImpassable": true,
      "name": "Wall",
      "providesCover": true,
      "type": "Block",
      "w": 1,
      "x": 14,
      "y": 4,
    },
    {
      "blocksLineOfSight": true,
      "h": 1,
      "isDifficult": false,
      "isImpassable": true,
      "name": "Wall",
      "providesCover": true,
      "type": "Block",
      "w": 1,
      "x": 8,
      "y": 5,
    },
    {
      "blocksLineOfSight": true,
      "h": 1,
      "isDifficult": false,
      "isImpassable": true,
      "name": "Wall",
      "providesCover": true,
      "type": "Block",
      "w": 1,
      "x": 9,
      "y": 5,
    },
    {
      "blocksLineOfSight": true,
      "h": 1,
      "isDifficult": false,
      "isImpassable": true,
      "name": "Wall",
      "providesCover": true,
      "type": "Block",
      "w": 1,
      "x": 10,
      "y": 5,
    },
    {
      "blocksLineOfSight": true,
      "h": 1,
      "isDifficult": false,
      "isImpassable": true,
      "name": "Wall",
      "providesCover": true,
      "type": "Block",
      "w": 1,
      "x": 11,
      "y": 5,
    },
    {
      "blocksLineOfSight": true,
      "h": 1,
      "isDifficult": false,
      "isImpassable": true,
      "name": "Wall",
      "providesCover": true,
      "type": "Block",
      "w": 1,
      "x": 12,
      "y": 5,
    },
    {
      "blocksLineOfSight": true,
      "h": 1,
      "isDifficult": false,
      "isImpassable": true,
      "name": "Wall",
      "providesCover": true,
      "type": "Block",
      "w": 1,
      "x": 13,
      "y": 5,
    },
    {
      "blocksLineOfSight": true,
      "h": 1,
      "isDifficult": false,
      "isImpassable": true,
      "name": "Wall",
      "providesCover": true,
      "type": "Block",
      "w": 1,
      "x": 14,
      "y": 5,
    },
    {
      "blocksLineOfSight": false,
      "h": 4,
      "isDifficult": false,
      "isImpassable": false,
      "name": "Building Interior",
      "providesCover": false,
      "type": "Interior",
      "w": 5,
      "x": 9,
      "y": 1,
    },
    {
      "blocksLineOfSight": true,
      "h": 1,
      "isDifficult": false,
      "isImpassable": false,
      "name": "Door",
      "providesCover": true,
      "type": "Door",
      "w": 1,
      "x": 10,
      "y": 0,
    },
    {
      "blocksLineOfSight": false,
      "h": 2,
      "isDifficult": false,
      "isImpassable": false,
      "name": "Statue",
      "providesCover": true,
      "type": "Individual",
      "w": 2,
      "x": 0,
      "y": 11,
    },
    {
      "blocksLineOfSight": true,
      "h": 2,
      "isDifficult": false,
      "isImpassable": true,
      "name": "Vehicle",
      "providesCover": true,
      "type": "Block",
      "w": 4,
      "x": 10,
      "y": 8,
    },
    {
      "blocksLineOfSight": false,
      "h": 1,
      "isDifficult": false,
      "isImpassable": false,
      "name": "Scatter",
      "providesCover": true,
      "type": "Individual",
      "w": 1,
      "x": 1,
      "y": 7,
    },
    {
      "blocksLineOfSight": false,
      "h": 2,
      "isDifficult": false,
      "isImpassable": false,
      "name": "Statue",
      "providesCover": true,
      "type": "Individual",
      "w": 2,
      "x": 21,
      "y": 14,
    },
    {
      "blocksLineOfSight": false,
      "h": 2,
      "isDifficult": false,
      "isImpassable": false,
      "name": "Statue",
      "providesCover": true,
      "type": "Individual",
      "w": 2,
      "x": 26,
      "y": 11,
    },
    {
      "blocksLineOfSight": false,
      "h": 1,
      "isDifficult": false,
      "isImpassable": false,
      "name": "Scatter",
      "providesCover": true,
      "type": "Individual",
      "w": 1,
      "x": 25,
      "y": 12,
    },
    {
      "blocksLineOfSight": false,
      "h": 1,
      "isDifficult": false,
      "isImpassable": false,
      "name": "Scatter",
      "providesCover": true,
      "type": "Individual",
      "w": 1,
      "x": 25,
      "y": 15,
    },
    {
      "blocksLineOfSight": false,
      "h": 1,
      "isDifficult": false,
      "isImpassable": false,
      "name": "Scatter",
      "providesCover": true,
      "type": "Individual",
      "w": 1,
      "x": 19,
      "y": 2,
    },
    {
      "blocksLineOfSight": false,
      "h": 1,
      "isDifficult": false,
      "isImpassable": false,
      "name": "Scatter",
      "providesCover": true,
      "type": "Individual",
      "w": 1,
      "x": 19,
      "y": 6,
    },
    {
      "blocksLineOfSight": true,
      "h": 1,
      "isDifficult": false,
      "isImpassable": true,
      "name": "Wall",
      "providesCover": true,
      "type": "Block",
      "w": 1,
      "x": 0,
      "y": 18,
    },
    {
      "blocksLineOfSight": true,
      "h": 1,
      "isDifficult": false,
      "isImpassable": true,
      "name": "Wall",
      "providesCover": true,
      "type": "Block",
      "w": 1,
      "x": 1,
      "y": 18,
    },
    {
      "blocksLineOfSight": true,
      "h": 1,
      "isDifficult": false,
      "isImpassable": true,
      "name": "Wall",
      "providesCover": true,
      "type": "Block",
      "w": 1,
      "x": 2,
      "y": 18,
    },
    {
      "blocksLineOfSight": true,
      "h": 1,
      "isDifficult": false,
      "isImpassable": true,
      "name": "Wall",
      "providesCover": true,
      "type": "Block",
      "w": 1,
      "x": 3,
      "y": 18,
    },
    {
      "blocksLineOfSight": true,
      "h": 1,
      "isDifficult": false,
      "isImpassable": true,
      "name": "Wall",
      "providesCover": true,
      "type": "Block",
      "w": 1,
      "x": 4,
      "y": 18,
    },
    {
      "blocksLineOfSight": true,
      "h": 1,
      "isDifficult": false,
      "isImpassable": true,
      "name": "Wall",
      "providesCover": true,
      "type": "Block",
      "w": 1,
      "x": 5,
      "y": 18,
    },
    {
      "blocksLineOfSight": true,
      "h": 1,
      "isDifficult": false,
      "isImpassable": true,
      "name": "Wall",
      "providesCover": true,
      "type": "Block",
      "w": 1,
      "x": 6,
      "y": 18,
    },
    {
      "blocksLineOfSight": true,
      "h": 1,
      "isDifficult": false,
      "isImpassable": true,
      "name": "Wall",
      "providesCover": true,
      "type": "Block",
      "w": 1,
      "x": 7,
      "y": 18,
    },
    {
      "blocksLineOfSight": true,
      "h": 1,
      "isDifficult": false,
      "isImpassable": true,
      "name": "Wall",
      "providesCover": true,
      "type": "Block",
      "w": 1,
      "x": 0,
      "y": 19,
    },
    {
      "blocksLineOfSight": true,
      "h": 1,
      "isDifficult": false,
      "isImpassable": true,
      "name": "Wall",
      "providesCover": true,
      "type": "Block",
      "w": 1,
      "x": 7,
      "y": 19,
    },
    {
      "blocksLineOfSight": true,
      "h": 1,
      "isDifficult": false,
      "isImpassable": true,
      "name": "Wall",
      "providesCover": true,
      "type": "Block",
      "w": 1,
      "x": 0,
      "y": 20,
    },
    {
      "blocksLineOfSight": true,
      "h": 1,
      "isDifficult": false,
      "isImpassable": true,
      "name": "Wall",
      "providesCover": true,
      "type": "Block",
      "w": 1,
      "x": 0,
      "y": 21,
    },
    {
      "blocksLineOfSight": true,
      "h": 1,
      "isDifficult": false,
      "isImpassable": true,
      "name": "Wall",
      "providesCover": true,
      "type": "Block",
      "w": 1,
      "x": 1,
      "y": 21,
    },
    {
      "blocksLineOfSight": true,
      "h": 1,
      "isDifficult": false,
      "isImpassable": true,
      "name": "Wall",
      "providesCover": true,
      "type": "Block",
      "w": 1,
      "x": 2,
      "y": 21,
    },
    {
      "blocksLineOfSight": true,
      "h": 1,
      "isDifficult": false,
      "isImpassable": true,
      "name": "Wall",
      "providesCover": true,
      "type": "Block",
      "w": 1,
      "x": 3,
      "y": 21,
    },
    {
      "blocksLineOfSight": true,
      "h": 1,
      "isDifficult": false,
      "isImpassable": true,
      "name": "Wall",
      "providesCover": true,
      "type": "Block",
      "w": 1,
      "x": 4,
      "y": 21,
    },
    {
      "blocksLineOfSight": true,
      "h": 1,
      "isDifficult": false,
      "isImpassable": true,
      "name": "Wall",
      "providesCover": true,
      "type": "Block",
      "w": 1,
      "x": 5,
      "y": 21,
    },
    {
      "blocksLineOfSight": true,
      "h": 1,
      "isDifficult": false,
      "isImpassable": true,
      "name": "Wall",
      "providesCover": true,
      "type": "Block",
      "w": 1,
      "x": 6,
      "y": 21,
    },
    {
      "blocksLineOfSight": true,
      "h": 1,
      "isDifficult": false,
      "isImpassable": true,
      "name": "Wall",
      "providesCover": true,
      "type": "Block",
      "w": 1,
      "x": 7,
      "y": 21,
    },
    {
      "blocksLineOfSight": false,
      "h": 2,
      "isDifficult": false,
      "isImpassable": false,
      "name": "Building Interior",
      "providesCover": false,
      "type": "Interior",
      "w": 6,
      "x": 1,
      "y": 19,
    },
    {
      "blocksLineOfSight": true,
      "h": 1,
      "isDifficult": false,
      "isImpassable": false,
      "name": "Door",
      "providesCover": true,
      "type": "Door",
      "w": 1,
      "x": 7,
      "y": 20,
    },
    {
      "blocksLineOfSight": false,
      "h": 2,
      "isDifficult": false,
      "isImpassable": false,
      "name": "Statue",
      "providesCover": true,
      "type": "Individual",
      "w": 2,
      "x": 2,
      "y": 29,
    },
    {
      "blocksLineOfSight": true,
      "h": 2,
      "isDifficult": false,
      "isImpassable": true,
      "name": "Vehicle",
      "providesCover": true,
      "type": "Block",
      "w": 4,
      "x": 8,
      "y": 29,
    },
    {
      "blocksLineOfSight": false,
      "h": 1,
      "isDifficult": false,
      "isImpassable": false,
      "name": "Scatter",
      "providesCover": true,
      "type": "Individual",
      "w": 1,
      "x": 5,
      "y": 16,
    },
    {
      "blocksLineOfSight": false,
      "h": 5,
      "isDifficult": true,
      "isImpassable": false,
      "name": "Rubble",
      "providesCover": true,
      "type": "Area",
      "w": 7,
      "x": 24,
      "y": 17,
    },
    {
      "blocksLineOfSight": true,
      "h": 2,
      "isDifficult": false,
      "isImpassable": true,
      "name": "Vehicle",
      "providesCover": true,
      "type": "Block",
      "w": 4,
      "x": 24,
      "y": 29,
    },
    {
      "blocksLineOfSight": false,
      "h": 1,
      "isDifficult": false,
      "isImpassable": false,
      "name": "Scatter",
      "providesCover": true,
      "type": "Individual",
      "w": 1,
      "x": 17,
      "y": 16,
    },
    {
      "blocksLineOfSight": false,
      "h": 1,
      "isDifficult": false,
      "isImpassable": false,
      "name": "Scatter",
      "providesCover": true,
      "type": "Individual",
      "w": 1,
      "x": 16,
      "y": 16,
    },
  ],
}
`;

exports[`Parity: Terrain Generation (V1 Baseline for V2 Migration) > Golden baseline — captures current V1 output for future V2 parity > [Wilderness] terrain signature at seed=12345 matches snapshot 1`] = `
{
  "count": 29,
  "pieces": [
    {
      "blocksLineOfSight": false,
      "h": 3,
      "isDifficult": false,
      "isImpassable": false,
      "name": "Rock Formation Plants",
      "providesCover": true,
      "type": "Individual",
      "w": 4,
      "x": 4,
      "y": 1,
    },
    {
      "blocksLineOfSight": false,
      "h": 7,
      "isDifficult": false,
      "isImpassable": false,
      "name": "Plant Cluster",
      "providesCover": true,
      "type": "Individual",
      "w": 5,
      "x": 1,
      "y": 9,
    },
    {
      "blocksLineOfSight": true,
      "h": 7,
      "isDifficult": false,
      "isImpassable": false,
      "name": "Rock Ridge",
      "providesCover": true,
      "type": "Linear",
      "w": 1,
      "x": 10,
      "y": 9,
    },
    {
      "blocksLineOfSight": false,
      "h": 1,
      "isDifficult": false,
      "isImpassable": false,
      "name": "Scatter",
      "providesCover": true,
      "type": "Individual",
      "w": 1,
      "x": 14,
      "y": 8,
    },
    {
      "blocksLineOfSight": false,
      "h": 1,
      "isDifficult": false,
      "isImpassable": false,
      "name": "Scatter",
      "providesCover": true,
      "type": "Individual",
      "w": 1,
      "x": 9,
      "y": 6,
    },
    {
      "blocksLineOfSight": false,
      "h": 1,
      "isDifficult": false,
      "isImpassable": false,
      "name": "Scatter",
      "providesCover": true,
      "type": "Individual",
      "w": 1,
      "x": 3,
      "y": 3,
    },
    {
      "blocksLineOfSight": false,
      "h": 1,
      "isDifficult": false,
      "isImpassable": false,
      "name": "Scatter",
      "providesCover": true,
      "type": "Individual",
      "w": 1,
      "x": 2,
      "y": 5,
    },
    {
      "blocksLineOfSight": false,
      "h": 1,
      "isDifficult": false,
      "isImpassable": false,
      "name": "Scatter",
      "providesCover": true,
      "type": "Individual",
      "w": 1,
      "x": 1,
      "y": 7,
    },
    {
      "blocksLineOfSight": false,
      "h": 1,
      "isDifficult": false,
      "isImpassable": false,
      "name": "Scatter",
      "providesCover": true,
      "type": "Individual",
      "w": 1,
      "x": 7,
      "y": 0,
    },
    {
      "blocksLineOfSight": false,
      "h": 2,
      "isDifficult": false,
      "isImpassable": false,
      "name": "Dense Forest Swamp",
      "providesCover": true,
      "type": "Individual",
      "w": 4,
      "x": 16,
      "y": 5,
    },
    {
      "blocksLineOfSight": false,
      "h": 6,
      "isDifficult": false,
      "isImpassable": false,
      "name": "Dense Forest Swamp",
      "providesCover": true,
      "type": "Individual",
      "w": 2,
      "x": 18,
      "y": 10,
    },
    {
      "blocksLineOfSight": false,
      "h": 4,
      "isDifficult": false,
      "isImpassable": false,
      "name": "Dense Forest Swamp",
      "providesCover": true,
      "type": "Individual",
      "w": 7,
      "x": 24,
      "y": 11,
    },
    {
      "blocksLineOfSight": false,
      "h": 1,
      "isDifficult": false,
      "isImpassable": false,
      "name": "Scatter",
      "providesCover": true,
      "type": "Individual",
      "w": 1,
      "x": 28,
      "y": 9,
    },
    {
      "blocksLineOfSight": false,
      "h": 1,
      "isDifficult": false,
      "isImpassable": false,
      "name": "Scatter",
      "providesCover": true,
      "type": "Individual",
      "w": 1,
      "x": 31,
      "y": 3,
    },
    {
      "blocksLineOfSight": false,
      "h": 1,
      "isDifficult": false,
      "isImpassable": false,
      "name": "Scatter",
      "providesCover": true,
      "type": "Individual",
      "w": 1,
      "x": 18,
      "y": 3,
    },
    {
      "blocksLineOfSight": false,
      "h": 1,
      "isDifficult": false,
      "isImpassable": false,
      "name": "Scatter",
      "providesCover": true,
      "type": "Individual",
      "w": 1,
      "x": 22,
      "y": 4,
    },
    {
      "blocksLineOfSight": false,
      "h": 7,
      "isDifficult": false,
      "isImpassable": false,
      "name": "Rock Formation Plants",
      "providesCover": true,
      "type": "Individual",
      "w": 2,
      "x": 2,
      "y": 17,
    },
    {
      "blocksLineOfSight": false,
      "h": 3,
      "isDifficult": false,
      "isImpassable": false,
      "name": "Open Space Scattered Plants",
      "providesCover": true,
      "type": "Individual",
      "w": 6,
      "x": 10,
      "y": 18,
    },
    {
      "blocksLineOfSight": false,
      "h": 2,
      "isDifficult": false,
      "isImpassable": false,
      "name": "Open Space Scattered Plants",
      "providesCover": true,
      "type": "Individual",
      "w": 6,
      "x": 9,
      "y": 24,
    },
    {
      "blocksLineOfSight": false,
      "h": 1,
      "isDifficult": false,
      "isImpassable": false,
      "name": "Scatter",
      "providesCover": true,
      "type": "Individual",
      "w": 1,
      "x": 7,
      "y": 20,
    },
    {
      "blocksLineOfSight": false,
      "h": 1,
      "isDifficult": false,
      "isImpassable": false,
      "name": "Scatter",
      "providesCover": true,
      "type": "Individual",
      "w": 1,
      "x": 13,
      "y": 26,
    },
    {
      "blocksLineOfSight": false,
      "h": 1,
      "isDifficult": false,
      "isImpassable": false,
      "name": "Scatter",
      "providesCover": true,
      "type": "Individual",
      "w": 1,
      "x": 15,
      "y": 26,
    },
    {
      "blocksLineOfSight": false,
      "h": 2,
      "isDifficult": false,
      "isImpassable": false,
      "name": "Rock Formation Plants",
      "providesCover": true,
      "type": "Individual",
      "w": 7,
      "x": 17,
      "y": 17,
    },
    {
      "blocksLineOfSight": false,
      "h": 2,
      "isDifficult": false,
      "isImpassable": false,
      "name": "Rock Formation Plants",
      "providesCover": true,
      "type": "Individual",
      "w": 2,
      "x": 24,
      "y": 16,
    },
    {
      "blocksLineOfSight": false,
      "h": 5,
      "isDifficult": false,
      "isImpassable": false,
      "name": "Rock Formation Plants",
      "providesCover": true,
      "type": "Individual",
      "w": 5,
      "x": 16,
      "y": 25,
    },
    {
      "blocksLineOfSight": false,
      "h": 3,
      "isDifficult": false,
      "isImpassable": false,
      "name": "Plant Cluster",
      "providesCover": true,
      "type": "Individual",
      "w": 3,
      "x": 26,
      "y": 24,
    },
    {
      "blocksLineOfSight": false,
      "h": 1,
      "isDifficult": false,
      "isImpassable": false,
      "name": "Scatter",
      "providesCover": true,
      "type": "Individual",
      "w": 1,
      "x": 25,
      "y": 24,
    },
    {
      "blocksLineOfSight": false,
      "h": 1,
      "isDifficult": false,
      "isImpassable": false,
      "name": "Scatter",
      "providesCover": true,
      "type": "Individual",
      "w": 1,
      "x": 27,
      "y": 31,
    },
    {
      "blocksLineOfSight": false,
      "h": 1,
      "isDifficult": false,
      "isImpassable": false,
      "name": "Scatter",
      "providesCover": true,
      "type": "Individual",
      "w": 1,
      "x": 22,
      "y": 19,
    },
  ],
}
`;
